[2026-09-28 18:57:47 UTC] PLATFORM=telegram   STATUS=SUCCESS FETCHED=0   NEW=0   NextRefresh=— Deduped=0
[2026-09-28 18:58:47 UTC] PLATFORM=telegram   STATUS=SUCCESS FETCHED=0   NEW=0   NextRefresh=— Deduped=0
[2026-09-28 18:59:47 UTC] PLATFORM=telegram   STATUS=SUCCESS FETCHED=0   NEW=0   NextRefresh=— Deduped=0
[2026-09-28 19:00:48 UTC] PLATFORM=telegram   STATUS=SUCCESS FETCHED=0   NEW=0   NextRefresh=— Deduped=0
[2026-09-28 19:01:47 UTC] PLATFORM=telegram   STATUS=SUCCESS FETCHED=0   NEW=0   NextRefresh=— Deduped=0
[2026-09-28 19:02:47 UTC] PLATFORM=telegram   STATUS=SUCCESS FETCHED=0   NEW=0   NextRefresh=— Deduped=0
[2026-09-28 19:03:47 UTC] PLATFORM=telegram   STATUS=SUCCESS FETCHED=0   NEW=0   NextRefresh=— Deduped=0
[2026-09-28 19:04:47 UTC] PLATFORM=telegram   STATUS=SUCCESS FETCHED=0   NEW=0   NextRefresh=— Deduped=0
[2026-09-28 19:07:30 UTC] PLATFORM=telegram   STATUS=SUCCESS FETCHED=0   NEW=0   NextRefresh=— Deduped=0
[2026-09-28 19:08:07 UTC] PLATFORM=other      STATUS=SUCCESS FETCHED=66  NEW=36  NextRefresh=07:17 PM Deduped=0
[2026-09-28 19:08:31 UTC] PLATFORM=telegram   STATUS=SUCCESS FETCHED=0   NEW=0   NextRefresh=— Deduped=0
[2026-09-28 19:09:31 UTC] PLATFORM=telegram   STATUS=SUCCESS FETCHED=0   NEW=0   NextRefresh=— Deduped=0
[2026-09-28 19:10:31 UTC] PLATFORM=telegram   STATUS=SUCCESS FETCHED=0   NEW=0   NextRefresh=— Deduped=0
[2026-09-28 19:11:31 UTC] PLATFORM=telegram   STATUS=SUCCESS FETCHED=0   NEW=0   NextRefresh=— Deduped=0
[2026-09-28 19:12:31 UTC] PLATFORM=telegram   STATUS=SUCCESS FETCHED=0   NEW=0   NextRefresh=— Deduped=0
[2026-09-28 19:13:31 UTC] PLATFORM=telegram   STATUS=SUCCESS FETCHED=0   NEW=0   NextRefresh=— Deduped=0
[2026-09-28 19:14:31 UTC] PLATFORM=telegram   STATUS=SUCCESS FETCHED=0   NEW=0   NextRefresh=— Deduped=0
[2026-09-28 19:15:31 UTC] PLATFORM=telegram   STATUS=SUCCESS FETCHED=0   NEW=0   NextRefresh=— Deduped=0
[2026-09-28 19:16:32 UTC] PLATFORM=telegram   STATUS=SUCCESS FETCHED=0   NEW=0   NextRefresh=— Deduped=0
[2026-09-28 19:17:31 UTC] PLATFORM=telegram   STATUS=SUCCESS FETCHED=0   NEW=0   NextRefresh=— Deduped=0
[2026-09-28 19:17:51 UTC] PLATFORM=other      STATUS=SUCCESS FETCHED=66  NEW=3   NextRefresh=07:27 PM Deduped=0
[2026-09-28 19:18:31 UTC] PLATFORM=telegram   STATUS=SUCCESS FETCHED=0   NEW=0   NextRefresh=— Deduped=0
[2026-09-28 19:19:31 UTC] PLATFORM=telegram   STATUS=SUCCESS FETCHED=0   NEW=0   NextRefresh=— Deduped=0
[2026-09-28 19:20:33 UTC] PLATFORM=telegram   STATUS=SUCCESS FETCHED=0   NEW=0   NextRefresh=— Deduped=0
[2026-09-28 19:21:31 UTC] PLATFORM=telegram   STATUS=SUCCESS FETCHED=0   NEW=0   NextRefresh=— Deduped=0
[2026-09-28 19:22:36 UTC] PLATFORM=telegram   STATUS=SUCCESS FETCHED=0   NEW=0   NextRefresh=— Deduped=0
[2026-09-28 19:23:42 UTC] PLATFORM=telegram   STATUS=SUCCESS FETCHED=0   NEW=0   NextRefresh=— Deduped=0
[2026-09-28 19:24:41 UTC] PLATFORM=telegram   STATUS=SUCCESS FETCHED=0   NEW=0   NextRefresh=— Deduped=0
[2026-09-28 19:25:46 UTC] PLATFORM=telegram   STATUS=SUCCESS FETCHED=0   NEW=0   NextRefresh=— Deduped=0
[2026-09-28 19:26:46 UTC] PLATFORM=telegram   STATUS=SUCCESS FETCHED=0   NEW=0   NextRefresh=— Deduped=0
[2026-09-29 03:03:29 UTC] PLATFORM=telegram   STATUS=SUCCESS FETCHED=0   NEW=0   NextRefresh=— Deduped=0
[2026-09-29 03:04:29 UTC] PLATFORM=telegram   STATUS=SUCCESS FETCHED=0   NEW=0   NextRefresh=— Deduped=0
[2026-09-29 03:05:30 UTC] PLATFORM=telegram   STATUS=SUCCESS FETCHED=0   NEW=0   NextRefresh=— Deduped=0
[2026-09-29 03:06:30 UTC] PLATFORM=telegram   STATUS=SUCCESS FETCHED=0   NEW=0   NextRefresh=— Deduped=0
[2026-09-29 03:07:30 UTC] PLATFORM=telegram   STATUS=SUCCESS FETCHED=0   NEW=0   NextRefresh=— Deduped=0
[2026-09-29 03:08:30 UTC] PLATFORM=telegram   STATUS=SUCCESS FETCHED=0   NEW=0   NextRefresh=— Deduped=0
[2026-09-29 03:09:35 UTC] PLATFORM=telegram   STATUS=SUCCESS FETCHED=0   NEW=0   NextRefresh=— Deduped=0
[2026-09-29 03:10:35 UTC] PLATFORM=telegram   STATUS=SUCCESS FETCHED=0   NEW=0   NextRefresh=— Deduped=0
[2026-09-29 03:11:35 UTC] PLATFORM=telegram   STATUS=SUCCESS FETCHED=0   NEW=0   NextRefresh=— Deduped=0
[2026-09-29 03:12:35 UTC] PLATFORM=telegram   STATUS=SUCCESS FETCHED=0   NEW=0   NextRefresh=— Deduped=0
[2026-09-29 03:13:39 UTC] PLATFORM=telegram   STATUS=SUCCESS FETCHED=0   NEW=0   NextRefresh=— Deduped=0
[2026-09-29 03:13:56 UTC] PLATFORM=other      STATUS=SUCCESS FETCHED=56  NEW=20  NextRefresh=03:23 AM Deduped=0
[2026-09-29 03:14:44 UTC] PLATFORM=telegram   STATUS=SUCCESS FETCHED=0   NEW=0   NextRefresh=— Deduped=0
[2026-09-29 03:15:36 UTC] PLATFORM=telegram   STATUS=SUCCESS FETCHED=0   NEW=0   NextRefresh=— Deduped=0
[2026-09-29 03:16:36 UTC] PLATFORM=telegram   STATUS=SUCCESS FETCHED=0   NEW=0   NextRefresh=— Deduped=0
[2026-09-29 03:17:36 UTC] PLATFORM=telegram   STATUS=SUCCESS FETCHED=0   NEW=0   NextRefresh=— Deduped=0
[2026-09-29 03:18:36 UTC] PLATFORM=telegram   STATUS=SUCCESS FETCHED=0   NEW=0   NextRefresh=— Deduped=0
[2026-09-29 03:19:36 UTC] PLATFORM=telegram   STATUS=SUCCESS FETCHED=0   NEW=0   NextRefresh=— Deduped=0
[2026-09-29 03:20:36 UTC] PLATFORM=telegram   STATUS=SUCCESS FETCHED=0   NEW=0   NextRefresh=— Deduped=0
[2026-09-29 03:21:36 UTC] PLATFORM=telegram   STATUS=SUCCESS FETCHED=0   NEW=0   NextRefresh=— Deduped=0
[2026-09-29 03:22:40 UTC] PLATFORM=telegram   STATUS=SUCCESS FETCHED=0   NEW=0   NextRefresh=— Deduped=0
[2026-09-29 03:23:36 UTC] PLATFORM=other      STATUS=SUCCESS FETCHED=57  NEW=2   NextRefresh=03:33 AM Deduped=0
[2026-09-29 03:23:46 UTC] PLATFORM=telegram   STATUS=SUCCESS FETCHED=0   NEW=0   NextRefresh=— Deduped=0
[2026-09-29 03:24:46 UTC] PLATFORM=telegram   STATUS=SUCCESS FETCHED=0   NEW=0   NextRefresh=— Deduped=0
[2026-09-29 03:25:51 UTC] PLATFORM=telegram   STATUS=SUCCESS FETCHED=0   NEW=0   NextRefresh=— Deduped=0
[2026-09-29 03:26:51 UTC] PLATFORM=telegram   STATUS=SUCCESS FETCHED=0   NEW=0   NextRefresh=— Deduped=0
[2026-09-29 03:27:51 UTC] PLATFORM=telegram   STATUS=SUCCESS FETCHED=0   NEW=0   NextRefresh=— Deduped=0
[2026-09-29 03:28:51 UTC] PLATFORM=telegram   STATUS=SUCCESS FETCHED=0   NEW=0   NextRefresh=— Deduped=0
[2026-09-29 03:29:56 UTC] PLATFORM=telegram   STATUS=SUCCESS FETCHED=0   NEW=0   NextRefresh=— Deduped=0
[2026-09-29 03:30:57 UTC] PLATFORM=telegram   STATUS=SUCCESS FETCHED=0   NEW=0   NextRefresh=— Deduped=0
[2026-09-29 03:31:56 UTC] PLATFORM=telegram   STATUS=SUCCESS FETCHED=0   NEW=0   NextRefresh=— Deduped=0
[2026-09-29 03:33:01 UTC] PLATFORM=telegram   STATUS=SUCCESS FETCHED=0   NEW=0   NextRefresh=— Deduped=0
[2026-09-29 03:33:36 UTC] PLATFORM=other      STATUS=SUCCESS FETCHED=54  NEW=2   NextRefresh=03:43 AM Deduped=0
[2026-09-29 03:34:01 UTC] PLATFORM=telegram   STATUS=SUCCESS FETCHED=0   NEW=0   NextRefresh=— Deduped=0
[2026-09-29 03:35:02 UTC] PLATFORM=telegram   STATUS=SUCCESS FETCHED=0   NEW=0   NextRefresh=— Deduped=0
[2026-09-29 03:36:02 UTC] PLATFORM=telegram   STATUS=SUCCESS FETCHED=0   NEW=0   NextRefresh=— Deduped=0
[2026-09-29 03:37:02 UTC] PLATFORM=telegram   STATUS=SUCCESS FETCHED=0   NEW=0   NextRefresh=— Deduped=0
[2026-09-29 03:38:07 UTC] PLATFORM=telegram   STATUS=SUCCESS FETCHED=0   NEW=0   NextRefresh=— Deduped=0
[2026-09-29 03:41:06 UTC] PLATFORM=telegram   STATUS=SUCCESS FETCHED=0   NEW=0   NextRefresh=— Deduped=0
[2026-09-29 03:42:09 UTC] PLATFORM=telegram   STATUS=SUCCESS FETCHED=0   NEW=0   NextRefresh=— Deduped=0
[2026-09-29 03:43:07 UTC] PLATFORM=telegram   STATUS=SUCCESS FETCHED=0   NEW=0   NextRefresh=— Deduped=0
[2026-09-29 03:43:36 UTC] PLATFORM=other      STATUS=SUCCESS FETCHED=54  NEW=0   NextRefresh=03:53 AM Deduped=0
[2026-09-29 03:44:09 UTC] PLATFORM=telegram   STATUS=SUCCESS FETCHED=0   NEW=0   NextRefresh=— Deduped=0
[2026-09-29 03:45:07 UTC] PLATFORM=telegram   STATUS=SUCCESS FETCHED=0   NEW=0   NextRefresh=— Deduped=0
[2026-09-29 03:46:07 UTC] PLATFORM=telegram   STATUS=SUCCESS FETCHED=0   NEW=0   NextRefresh=— Deduped=0
[2026-09-29 03:47:07 UTC] PLATFORM=telegram   STATUS=SUCCESS FETCHED=0   NEW=0   NextRefresh=— Deduped=0
[2026-09-29 03:48:07 UTC] PLATFORM=telegram   STATUS=SUCCESS FETCHED=0   NEW=0   NextRefresh=— Deduped=0
[2026-09-29 03:49:07 UTC] PLATFORM=telegram   STATUS=SUCCESS FETCHED=0   NEW=0   NextRefresh=— Deduped=0
[2026-09-29 03:50:07 UTC] PLATFORM=telegram   STATUS=SUCCESS FETCHED=0   NEW=0   NextRefresh=— Deduped=0
[2026-09-29 03:51:12 UTC] PLATFORM=telegram   STATUS=SUCCESS FETCHED=0   NEW=0   NextRefresh=— Deduped=0
[2026-09-29 03:52:17 UTC] PLATFORM=telegram   STATUS=SUCCESS FETCHED=0   NEW=0   NextRefresh=— Deduped=0
[2026-09-29 03:53:18 UTC] PLATFORM=telegram   STATUS=SUCCESS FETCHED=0   NEW=0   NextRefresh=— Deduped=0
[2026-09-29 03:53:39 UTC] PLATFORM=other      STATUS=SUCCESS FETCHED=54  NEW=1   NextRefresh=04:03 AM Deduped=0
[2026-09-29 03:54:18 UTC] PLATFORM=telegram   STATUS=SUCCESS FETCHED=0   NEW=0   NextRefresh=— Deduped=0
[2026-09-29 03:55:18 UTC] PLATFORM=telegram   STATUS=SUCCESS FETCHED=0   NEW=0   NextRefresh=— Deduped=0
[2026-09-29 03:56:18 UTC] PLATFORM=telegram   STATUS=SUCCESS FETCHED=0   NEW=0   NextRefresh=— Deduped=0
[2026-09-29 03:57:18 UTC] PLATFORM=telegram   STATUS=SUCCESS FETCHED=0   NEW=0   NextRefresh=— Deduped=0
[2026-09-29 03:58:18 UTC] PLATFORM=telegram   STATUS=SUCCESS FETCHED=0   NEW=0   NextRefresh=— Deduped=0
[2026-09-29 03:59:18 UTC] PLATFORM=telegram   STATUS=SUCCESS FETCHED=0   NEW=0   NextRefresh=— Deduped=0
[2026-09-29 04:00:18 UTC] PLATFORM=telegram   STATUS=SUCCESS FETCHED=0   NEW=0   NextRefresh=— Deduped=0
[2026-09-29 04:01:18 UTC] PLATFORM=telegram   STATUS=SUCCESS FETCHED=0   NEW=0   NextRefresh=— Deduped=0
[2026-09-29 04:02:18 UTC] PLATFORM=telegram   STATUS=SUCCESS FETCHED=0   NEW=0   NextRefresh=— Deduped=0
[2026-09-29 04:03:18 UTC] PLATFORM=telegram   STATUS=SUCCESS FETCHED=0   NEW=0   NextRefresh=— Deduped=0
[2026-09-29 04:03:44 UTC] PLATFORM=other      STATUS=SUCCESS FETCHED=58  NEW=4   NextRefresh=04:13 AM Deduped=0
[2026-09-29 04:04:19 UTC] PLATFORM=telegram   STATUS=SUCCESS FETCHED=0   NEW=0   NextRefresh=— Deduped=0
[2026-09-29 04:05:18 UTC] PLATFORM=telegram   STATUS=SUCCESS FETCHED=0   NEW=0   NextRefresh=— Deduped=0
[2026-09-29 04:06:19 UTC] PLATFORM=telegram   STATUS=SUCCESS FETCHED=0   NEW=0   NextRefresh=— Deduped=0
[2026-09-29 04:08:41 UTC] PLATFORM=telegram   STATUS=SUCCESS FETCHED=0   NEW=0   NextRefresh=— Deduped=0
[2026-09-29 04:09:30 UTC] PLATFORM=telegram   STATUS=SUCCESS FETCHED=0   NEW=0   NextRefresh=— Deduped=0
[2026-09-29 04:10:30 UTC] PLATFORM=telegram   STATUS=SUCCESS FETCHED=0   NEW=0   NextRefresh=— Deduped=0
[2026-09-29 04:11:30 UTC] PLATFORM=telegram   STATUS=SUCCESS FETCHED=0   NEW=0   NextRefresh=— Deduped=0
[2026-09-29 04:12:30 UTC] PLATFORM=telegram   STATUS=SUCCESS FETCHED=0   NEW=0   NextRefresh=— Deduped=0
[2026-09-29 04:13:31 UTC] PLATFORM=telegram   STATUS=SUCCESS FETCHED=0   NEW=0   NextRefresh=— Deduped=0
[2026-09-29 04:13:41 UTC] PLATFORM=other      STATUS=SUCCESS FETCHED=58  NEW=1   NextRefresh=04:23 AM Deduped=0
[2026-09-29 04:14:35 UTC] PLATFORM=telegram   STATUS=SUCCESS FETCHED=0   NEW=0   NextRefresh=— Deduped=0
[2026-09-29 04:15:36 UTC] PLATFORM=telegram   STATUS=SUCCESS FETCHED=0   NEW=0   NextRefresh=— Deduped=0
[2026-09-29 04:16:36 UTC] PLATFORM=telegram   STATUS=SUCCESS FETCHED=0   NEW=0   NextRefresh=— Deduped=0
[2026-09-29 04:17:36 UTC] PLATFORM=telegram   STATUS=SUCCESS FETCHED=0   NEW=0   NextRefresh=— Deduped=0
[2026-09-29 04:18:35 UTC] PLATFORM=telegram   STATUS=SUCCESS FETCHED=0   NEW=0   NextRefresh=— Deduped=0
[2026-09-29 04:19:36 UTC] PLATFORM=telegram   STATUS=SUCCESS FETCHED=0   NEW=0   NextRefresh=— Deduped=0
[2026-09-29 05:38:34 UTC] PLATFORM=telegram   STATUS=SUCCESS FETCHED=0   NEW=0   NextRefresh=— Deduped=0
[2026-09-29 05:39:34 UTC] PLATFORM=telegram   STATUS=SUCCESS FETCHED=0   NEW=0   NextRefresh=— Deduped=0
[2026-09-29 05:40:34 UTC] PLATFORM=telegram   STATUS=SUCCESS FETCHED=0   NEW=0   NextRefresh=— Deduped=0
[2026-09-29 05:41:34 UTC] PLATFORM=telegram   STATUS=SUCCESS FETCHED=0   NEW=0   NextRefresh=— Deduped=0
[2026-09-29 05:42:35 UTC] PLATFORM=telegram   STATUS=SUCCESS FETCHED=0   NEW=0   NextRefresh=— Deduped=0
[2026-09-29 05:43:35 UTC] PLATFORM=telegram   STATUS=SUCCESS FETCHED=0   NEW=0   NextRefresh=— Deduped=0
[2026-09-29 05:44:35 UTC] PLATFORM=telegram   STATUS=SUCCESS FETCHED=0   NEW=0   NextRefresh=— Deduped=0
[2026-09-29 05:45:35 UTC] PLATFORM=telegram   STATUS=SUCCESS FETCHED=0   NEW=0   NextRefresh=— Deduped=0
[2026-09-29 05:46:40 UTC] PLATFORM=telegram   STATUS=SUCCESS FETCHED=0   NEW=0   NextRefresh=— Deduped=0
[2026-09-29 05:47:40 UTC] PLATFORM=telegram   STATUS=SUCCESS FETCHED=0   NEW=0   NextRefresh=— Deduped=0
[2026-09-29 05:48:40 UTC] PLATFORM=telegram   STATUS=SUCCESS FETCHED=0   NEW=0   NextRefresh=— Deduped=0
[2026-09-29 05:48:45 UTC] PLATFORM=other      STATUS=SUCCESS FETCHED=60  NEW=11  NextRefresh=05:58 AM Deduped=0
[2026-09-29 05:49:40 UTC] PLATFORM=telegram   STATUS=SUCCESS FETCHED=0   NEW=0   NextRefresh=— Deduped=0
[2026-09-29 05:50:40 UTC] PLATFORM=telegram   STATUS=SUCCESS FETCHED=0   NEW=0   NextRefresh=— Deduped=0
[2026-09-29 05:51:40 UTC] PLATFORM=telegram   STATUS=SUCCESS FETCHED=0   NEW=0   NextRefresh=— Deduped=0
[2026-09-29 05:52:40 UTC] PLATFORM=telegram   STATUS=SUCCESS FETCHED=0   NEW=0   NextRefresh=— Deduped=0
[2026-09-29 05:53:40 UTC] PLATFORM=telegram   STATUS=SUCCESS FETCHED=0   NEW=0   NextRefresh=— Deduped=0
[2026-09-29 05:54:40 UTC] PLATFORM=telegram   STATUS=SUCCESS FETCHED=0   NEW=0   NextRefresh=— Deduped=0
[2026-09-29 05:55:41 UTC] PLATFORM=telegram   STATUS=SUCCESS FETCHED=0   NEW=0   NextRefresh=— Deduped=0
[2026-09-29 05:56:40 UTC] PLATFORM=telegram   STATUS=SUCCESS FETCHED=0   NEW=0   NextRefresh=— Deduped=0
[2026-09-29 05:57:40 UTC] PLATFORM=telegram   STATUS=SUCCESS FETCHED=0   NEW=0   NextRefresh=— Deduped=0
[2026-09-29 05:58:40 UTC] PLATFORM=telegram   STATUS=SUCCESS FETCHED=0   NEW=0   NextRefresh=— Deduped=0
[2026-09-29 05:58:48 UTC] PLATFORM=other      STATUS=SUCCESS FETCHED=69  NEW=11  NextRefresh=06:08 AM Deduped=0
[2026-09-29 05:59:41 UTC] PLATFORM=telegram   STATUS=SUCCESS FETCHED=0   NEW=0   NextRefresh=— Deduped=0
[2026-09-29 06:00:41 UTC] PLATFORM=telegram   STATUS=SUCCESS FETCHED=0   NEW=0   NextRefresh=— Deduped=0
[2026-09-29 06:01:41 UTC] PLATFORM=telegram   STATUS=SUCCESS FETCHED=0   NEW=0   NextRefresh=— Deduped=0
[2026-09-29 06:02:41 UTC] PLATFORM=telegram   STATUS=SUCCESS FETCHED=0   NEW=0   NextRefresh=— Deduped=0
[2026-09-29 06:03:41 UTC] PLATFORM=telegram   STATUS=SUCCESS FETCHED=0   NEW=0   NextRefresh=— Deduped=0
[2026-09-29 06:04:41 UTC] PLATFORM=telegram   STATUS=SUCCESS FETCHED=0   NEW=0   NextRefresh=— Deduped=0
[2026-09-29 06:05:41 UTC] PLATFORM=telegram   STATUS=SUCCESS FETCHED=0   NEW=0   NextRefresh=— Deduped=0
[2026-09-29 06:06:41 UTC] PLATFORM=telegram   STATUS=SUCCESS FETCHED=0   NEW=0   NextRefresh=— Deduped=0
[2026-09-29 06:07:41 UTC] PLATFORM=telegram   STATUS=SUCCESS FETCHED=0   NEW=0   NextRefresh=— Deduped=0
[2026-09-29 06:08:42 UTC] PLATFORM=telegram   STATUS=SUCCESS FETCHED=0   NEW=0   NextRefresh=— Deduped=0
[2026-09-29 06:08:44 UTC] PLATFORM=other      STATUS=SUCCESS FETCHED=69  NEW=3   NextRefresh=06:18 AM Deduped=0
[2026-09-29 06:09:41 UTC] PLATFORM=telegram   STATUS=SUCCESS FETCHED=0   NEW=0   NextRefresh=— Deduped=0
[2026-09-29 06:10:41 UTC] PLATFORM=telegram   STATUS=SUCCESS FETCHED=0   NEW=0   NextRefresh=— Deduped=0
[2026-09-29 06:11:41 UTC] PLATFORM=telegram   STATUS=SUCCESS FETCHED=0   NEW=0   NextRefresh=— Deduped=0
